// Jest Snapshot v1, https://goo.gl/fbAQLP

exports[`App Renders Correctly 1`] = `
<DocumentFragment>
  <div
    class="App"
  >
    <div
      style="position: fixed; z-index: 9999; top: 16px; left: 16px; right: 16px; bottom: 16px; pointer-events: none;"
    />
    <div
      class="navbar"
    >
      <div
        class="navbar-links-item"
      />
      <a
        class="item-upcoming"
        href="/"
      >
        Upcoming
      </a>
      <a
        class="item-trending"
        href="/"
      >
        Trending
      </a>
    </div>
    <div
      class="upcoming"
    />
    <img
      alt="Watch It Logo"
      class="watch-it-logo"
      src="watch-it.png"
    />
    <div
      class="search-bar"
    >
      <form
        class="search-form"
      >
        <input
          class="search-input"
          data-testid="search-input"
          placeholder="Search"
          type="text"
        />
        <button
          class="search-button"
          type="submit"
        >
          Go!
        </button>
      </form>
    </div>
    <footer>
      <div
        class="footer-content"
      >
        <div
          class="footer-logo"
        >
          <img
            alt="TMDB logo"
            src="TMDB icon.jpeg"
          />
        </div>
        <div
          class="footer-links"
        >
          <a
            href="https://www.themoviedb.org/about"
          >
            About TMDB
          </a>
          <a
            href="https://developer.themoviedb.org/docs"
          >
            Getting started
          </a>
          <a
            href="https://github.com/dsbahia/watch-it"
          >
            Design Team Github
          </a>
        </div>
      </div>
      <p
        class="tmdb-info"
      >
        Acknowledgements to The Movie Database for the use of the API
      </p>
      <p
        class="team-info"
      >
        Design Team: Dal Bahia, Max Staite and Jonathan Thompson
      </p>
    </footer>
  </div>
</DocumentFragment>
`;
