// Jest Snapshot v1, https://goo.gl/fbAQLP

exports[`Login component matches the snapshot 1`] = `
<DocumentFragment>
  <div
    class="auth-container"
  >
    <div
      class="auth-form"
    >
      <h1>
        Log in
      </h1>
      <form
        name="login_form"
      >
        <input
          class="auth-input"
          placeholder="Enter your email"
          required=""
          type="email"
          value=""
        />
        <input
          class="auth-input"
          placeholder="Enter your password"
          required=""
          type="password"
          value=""
        />
        <button
          class="auth-button"
          type="submit"
        >
          Login
        </button>
      </form>
      <span>
        Don't have an account?
        <a
          href="/register"
        >
          Create one here
        </a>
      </span>
    </div>
  </div>
</DocumentFragment>
`;
