// Jest Snapshot v1, https://goo.gl/fbAQLP

exports[`NavBar renders correctly 1`] = `
<DocumentFragment>
  <div
    class="navbar"
  >
    <div
      class="navbar-links-item"
    />
    <a
      class="item-home"
      href="/"
    >
      Home
    </a>
    <a
      class="item-upcoming"
      href="/"
    >
      Register
    </a>
    <a
      class="item-upcoming"
      href="/"
    >
      Login
    </a>
    <div
      class="dropdown-center"
      data-bs-theme="dark"
    >
      <button
        aria-expanded="false"
        class="dropdown-toggle btn btn-secondary"
        id="movie-dropdown"
        type="button"
      >
        Movies
      </button>
    </div>
    <div
      class="dropdown-center"
      data-bs-theme="dark"
    >
      <button
        aria-expanded="false"
        class="dropdown-toggle btn btn-secondary"
        id="tv-dropdown"
        type="button"
      >
        Tv Shows
      </button>
    </div>
  </div>
</DocumentFragment>
`;
